// 重构日志: 94678a4a
// 重构日志: 38f04782
// 重构日志: 2333ed83
// 重构日志: f225f106
// 重构日志: 20f43a11
// 重构日志: 82546d25
// 同步 ID: b9b2a653 @ Tue Jul 21 13:34:52 UTC 2026
// 重构日志: 57950f14
// 同步 ID: 3358b942 @ Thu Jul 23 10:34:21 UTC 2026
// 重构日志: 74593d76
// 同步 ID: f1a67a44 @ Fri Jul 24 06:48:51 UTC 2026
// 同步 ID: 71aa7f85 @ Sat Jul 25 07:55:38 UTC 2026
// 重构日志: 5c67a763
// 重构日志: 2980adf6
// 同步 ID: b096c0a8 @ Sun Jul 26 17:15:57 UTC 2026
// 同步 ID: a7a98bf1 @ Sun Jul 26 20:58:44 UTC 2026
// 重构日志: 653d9f09
// 重构日志: a2523bb0
// 重构日志: 1dbff3e5
// 同步 ID: 65b88723 @ Sat Aug  1 23:50:31 UTC 2026
